List of repositories (with tags if set):
	https://mirror.ctan.org/systems/texlive/tlcontrib (tlcontrib)
	https://ftp.math.utah.edu/pub/tex/historic/systems/texlive/2022/tlnet-final (main)
	http://www.texlive.info/tlgpg/
