tlmgr: repository or its tag already defined, no action: https://mirror.ctan.org/systems/texlive/tlcontrib
tlmgr: An error has occurred. See above messages. Exiting.
