tlmgr install: package shellesc not present in repository.
tlmgr: action install returned an error; continuing.
tlmgr: An error has occurred. See above messages. Exiting.
